exports[`<EventDetail /> should render event 1`] = `
<div>
  <Link
    activeClassName="active"
    className=""
    to="something">
    <span
      className="fa fa-chevron-left" />
     Back
  </Link>
  <h2>
    Event 
    612801925
  </h2>
  <div
    className="well">
    <NewLineToBr
      text="Running Component ex-generic-v2" />
  </div>
  <div
    className="row">
    <div
      className="col-md-3">
      Created
    </div>
    <div
      className="col-md-9">
      2017-09-25 17:59:02
    </div>
  </div>
  <div
    className="row">
    <div
      className="col-md-3">
      Component
    </div>
    <div
      className="col-md-9">
      docker
    </div>
  </div>
  <div
    className="row">
    <div
      className="col-md-3">
      Configuration ID
    </div>
    <div
      className="col-md-9">
      N/A
    </div>
  </div>
  <div
    className="row">
    <div
      className="col-md-3">
      Run ID
    </div>
    <div
      className="col-md-9">
      320118552
    </div>
  </div>
  <div
    className="row">
    <div
      className="col-md-3">
      Creator
    </div>
    <div
      className="col-md-9">
      martin@keboola.com
    </div>
  </div>
  <div>
    <h3>
      Context
    </h3>
    <Tree
      data={
        Object {
          "apiVersion": "v2",
          "httpReferer": null,
          "httpUserAgent": "Keboola Storage API PHP Client/7.0.2 docker",
          "remoteAddr": "52.206.109.126",
        }
      } />
  </div>
</div>
`;
