// Jest Snapshot v1, https://goo.gl/fbAQLP

exports[`<SidebarNavigation /> should render standard navigation, without route 1`] = `
<SidebarNavigation>
  <ul
    className="kbc-nav-sidebar nav nav-sidebar"
  >
    <li
      className=""
      key="home"
    >
      <a
        href="/home"
      >
        <span
          className="kbc-icon-overview"
        />
        <span>
          Overview
        </span>
      </a>
    </li>
    <li
      className="active"
      key="extractors"
    >
      <a
        href="/extractors"
      >
        <span
          className="kbc-icon-extractors"
        />
        <span>
          Extractors
        </span>
      </a>
    </li>
    <li
      className=""
      key="transformations"
    >
      <a
        href="/transformations"
      >
        <span
          className="kbc-icon-transformations"
        />
        <span>
          Transformations
        </span>
      </a>
    </li>
    <li
      className=""
      key="writers"
    >
      <a
        href="/writers"
      >
        <span
          className="kbc-icon-writers"
        />
        <span>
          Writers
        </span>
      </a>
    </li>
    <li
      className=""
      key="orchestrations"
    >
      <a
        href="/orchestrations"
      >
        <span
          className="kbc-icon-orchestrations"
        />
        <span>
          Orchestrations
        </span>
      </a>
    </li>
    <li
      className=""
      key="storage"
    >
      <a
        href="/storage"
      >
        <span
          className="kbc-icon-storage"
        />
        <span>
          Storage
        </span>
      </a>
    </li>
    <li
      className=""
      key="jobs"
    >
      <a
        href="/jobs"
      >
        <span
          className="kbc-icon-jobs"
        />
        <span>
          Jobs
        </span>
      </a>
    </li>
    <li
      className=""
      key="applications"
    >
      <a
        href="/applications"
      >
        <span
          className="kbc-icon-applications"
        />
        <span>
          Applications
        </span>
      </a>
    </li>
  </ul>
</SidebarNavigation>
`;
