exports[`<Expiration /> should render expiration warning when expiration is close 1`] = `
<AlertBlock
  title="This project will expire in 1 day"
  type="warning">
  <ul
    className="list-unstyled list-no-padding">
    <li>
      <p>
        Please 
        <a
          onClick={[Function]}>
          contact support
        </a>
         for project plan upgrade.
      </p>
    </li>
  </ul>
</AlertBlock>
`;

exports[`<Expiration /> should render nothing when expiration is in long time 1`] = `null`;
